Now playing "Gun Street Girl", by Tom Waits. (4:17)



4:17
undefined
