Initial state:
Alfa: 1
Bravo: 2
Charlie: 3
Delta: 4
Echo: 5
Foxtrot: 6
Golf: 7
Hotel: 8

Updated state:
Alfa: 2
Bravo: 4
Charlie: 6
Delta: 8
Echo: 10
Foxtrot: 12
Golf: 14
Hotel: 16

Searching:
2
4
14
12

